../Inc/flasher.h:13:6:dit_delay	16	static
../Inc/flasher.h:16:6:dah_delay	16	static
../Inc/flasher.h:19:6:word_delay	16	static
../Inc/flasher.h:22:6:dit	24	static
../Inc/flasher.h:27:6:dah	24	static
../Inc/flasher.h:32:6:blue_dah	24	static
../Inc/flasher.h:37:6:err_flash	32	static
../Inc/flasher.h:51:6:reset_flash	40	static
../Inc/flash_alphabet.h:13:6:flash_A	16	static
../Inc/flash_alphabet.h:19:6:flash_B	16	static
../Inc/flash_alphabet.h:29:6:flash_C	16	static
../Inc/flash_alphabet.h:39:6:flash_D	16	static
../Inc/flash_alphabet.h:47:6:flash_E	16	static
../Inc/flash_alphabet.h:51:6:flash_F	16	static
../Inc/flash_alphabet.h:61:6:flash_G	16	static
../Inc/flash_alphabet.h:69:6:flash_H	16	static
../Inc/flash_alphabet.h:79:6:flash_I	16	static
../Inc/flash_alphabet.h:85:6:flash_J	16	static
../Inc/flash_alphabet.h:95:6:flash_K	16	static
../Inc/flash_alphabet.h:103:6:flash_L	16	static
../Inc/flash_alphabet.h:113:6:flash_M	16	static
../Inc/flash_alphabet.h:119:6:flash_N	16	static
../Inc/flash_alphabet.h:125:6:flash_O	16	static
../Inc/flash_alphabet.h:133:6:flash_P	16	static
../Inc/flash_alphabet.h:143:6:flash_Q	16	static
../Inc/flash_alphabet.h:153:6:flash_R	16	static
../Inc/flash_alphabet.h:161:6:flash_S	16	static
../Inc/flash_alphabet.h:169:6:flash_T	16	static
../Inc/flash_alphabet.h:173:6:flash_U	16	static
../Inc/flash_alphabet.h:181:6:flash_V	16	static
../Inc/flash_alphabet.h:191:6:flash_W	16	static
../Inc/flash_alphabet.h:199:6:flash_X	16	static
../Inc/flash_alphabet.h:209:6:flash_Y	16	static
../Inc/flash_alphabet.h:219:6:flash_Z	16	static
../Inc/flash_alphabet.h:229:6:flash_1	16	static
../Inc/flash_alphabet.h:241:6:flash_2	16	static
../Inc/flash_alphabet.h:253:6:flash_3	16	static
../Inc/flash_alphabet.h:265:6:flash_4	16	static
../Inc/flash_alphabet.h:277:6:flash_5	16	static
../Inc/flash_alphabet.h:289:6:flash_6	16	static
../Inc/flash_alphabet.h:301:6:flash_7	16	static
../Inc/flash_alphabet.h:313:6:flash_8	16	static
../Inc/flash_alphabet.h:325:6:flash_9	16	static
../Inc/flash_alphabet.h:337:6:flash_0	16	static
../Inc/functions.h:14:6:getAlphabetChar	32	static
../Inc/functions.h:36:6:getNumChar	16	static
../Inc/functions.h:47:7:addCharToString	24	static
../Inc/functions.h:65:6:clearString	24	static
../Inc/functions.h:72:6:clearLastCharacter	24	static
../Inc/functions.h:83:7:createFlashStr	32	static
../Inc/functions.h:111:6:flash	24	static
../Src/main.c:27:5:main	40	static
